{"logTime": "0217/012338", "correlationVector":"rQMEYccbFfHGtByb8SF+SC.1","action":"SyncServerConnectionManagerRequest", "result":"SYNC_SERVER_OK", "context":{"environment":"Prod_germanywestcentral_prod-s01-011-eur-germanywestcentral", "migrationStage":"NotStarted", "server":"akswtt00200000e"}}
{"logTime": "0217/012338", "correlationVector":"rQMEYccbFfHGtByb8SF+SC.2","action":"ProcessGetUpdates", "result":"Done", "context":{"dataType":"Encryption Keys", "deleted":"0", "process_failed_to_decrypt":"0", "process_pending_decryption":"0", "process_success":"1", "total":"1"}}
{"logTime": "0217/012339", "correlationVector":"GuF0PCVWNfaH3Ggdq5xUud","action":"SyncServerConnectionManagerRequest", "result":"SYNC_SERVER_OK", "context":{"environment":"", "migrationStage":"", "server":""}}
{"logTime": "0217/012339", "correlationVector":"GuF0PCVWNfaH3Ggdq5xUud.0","action":"EncryptionKeysFetcher.DownloadKeys:", "result":"Success", "context":Key count: 10, Last key timestamp: 2025-10-06T20:38:16Z}
{"logTime": "0217/012339", "correlationVector":"GuF0PCVWNfaH3Ggdq5xUud.1","action":"EncryptionKeysManager::SetEncryptionKeys:", "result":"Success", "context":Key names[10]:[zs6ypK3eWwHnOi5Cyo/nDApLyQaL1NCOgHxrjADeZsT1mJ1aAYMqUZZEiaRllnydS4KoNNRCupAeTc5zwBAT9A==][jAnq0tzaHbpbkSZhvF6O6Oc2in5kRT+9HTpMdKTIFRiXZErtaL5OQvbbhLh1BXqhcPPYOLp+MpBx8pWWMSkJOQ==][2Uxv2h9MI+nYgImxd+WlJxWHt533OHnqczO8udexvWxAvXCtlz7+RDfbwZbqzJlwyF6cGVdLwa52p/z65uucnA==][23PgJrCQaASOkQLoDf6EX8iofgYf0X5aHVEnlBTDq2gYGb+8IUIuqVUnKkxCGDPIV3oM94MZPeQ2vmAGqKSBiw==][TNXFTg0Gyk3L1xyosqB+rOi4PtUQWKPJWQw0j7W7w2YtDc3QmaSLCTqf6Z9l82ZXiDQWjTDgOjy/9DIAd2aVCA==][5d6mqR50P+G0d68akRIh2gquOxWL3k4+ALMVTeJCRFw6byQzG/ZhM0jRNeG8BPNXNgyVQeQQz6pyJedSOjs6Fw==][XgrtIYtRLYTZZ/0ztP573lHokdt3X91LPnMnCuMIK7Y23I+vx/nhYERXHApXbhaH8bYreLfXAy0Y4NJjtBw4Qg==][UIPzctUf3a5b9xIVskaQC71+a48IRS56VILDLu+CMsAmsI+XsDGVE7ivC+yHZjV/YfNpJx3pFum8+nsUOQgmBg==][Eo2dQw0uknB0e/stIOuizu2Cf1bX4NGkOupZYJxeKWA5i7+iTzsxSaCV+Bqs5QnLTGMtnDUu1hZTjEG8HXbZvw==][6D25r9C/WixyY3Q9ID5LaGGHZTbPzv8KPppvWL9n5Rh/greCVsKOdxmc3ea1LqBpladIVaTlYesM2/ZcGVVjYw==]}
{"logTime": "0217/012339", "correlationVector":"GuF0PCVWNfaH3Ggdq5xUud.2","action":"EncryptionKeysManager::SetEncryptionKeysWithTimestamps:", "result":"Success", "context":Key timestamps[10]:[2022-03-21T14:50:15Z][2022-04-02T12:08:55Z][2022-07-04T05:47:08Z][2023-01-01T09:30:40Z][2023-05-19T09:15:34Z][2023-08-25T23:32:32Z][2024-03-12T19:37:32Z][2024-09-09T18:07:14Z][2025-03-15T20:34:24Z][2025-10-06T20:38:16Z]}
{"logTime": "0217/012339", "correlationVector":"rQMEYccbFfHGtByb8SF+SC","action":"Initial GetUpdates", "result":"", "context":Reason: NEW_CLIENT. cV=rQMEYccbFfHGtByb8SF+SC}
{"logTime": "0217/012339", "correlationVector":"rQMEYccbFfHGtByb8SF+SC.3","action":"GetUpdates Response", "result":"Success", "context":Received 1 update(s). cV=rQMEYccbFfHGtByb8SF+SC.0;server=akswtt00200000e;cloudType=Consumer;environment=Prod_germanywestcentral_prod-s01-011-eur-germanywestcentral;migrationStage=NotStarted}
{"logTime": "0217/012339", "correlationVector":"3bCm8HOJXgprsjKuPR81jp","action":"Initial GetUpdates", "result":"", "context":Reason: NEWLY_SUPPORTED_DATATYPE. cV=3bCm8HOJXgprsjKuPR81jp}
{"logTime": "0217/012339", "correlationVector":"3bCm8HOJXgprsjKuPR81jp.1","action":"SyncServerConnectionManagerRequest", "result":"SYNC_SERVER_OK", "context":{"environment":"Prod_germanywestcentral_prod-s01-011-eur-germanywestcentral", "migrationStage":"NotStarted", "server":"akswtt002000003"}}
{"logTime": "0217/012339", "correlationVector":"3bCm8HOJXgprsjKuPR81jp.2","action":"ProcessGetUpdates", "result":"Done", "context":{"dataType":"Preferences", "deleted":"0", "process_failed_to_decrypt":"0", "process_pending_decryption":"0", "process_success":"73", "total":"73"}}
{"logTime": "0217/012339", "correlationVector":"3bCm8HOJXgprsjKuPR81jp.3","action":"ProcessGetUpdates", "result":"Done", "context":{"dataType":"Passwords", "deleted":"0", "process_failed_to_decrypt":"0", "process_pending_decryption":"0", "process_success":"88", "total":"88"}}
{"logTime": "0217/012339", "correlationVector":"3bCm8HOJXgprsjKuPR81jp.4","action":"ProcessGetUpdates", "result":"Done", "context":{"dataType":"Device Info", "deleted":"0", "process_failed_to_decrypt":"0", "process_pending_decryption":"0", "process_success":"6", "total":"6"}}
{"logTime": "0217/012339", "correlationVector":"3bCm8HOJXgprsjKuPR81jp.5","action":"GetUpdates Response", "result":"Success", "context":Received 167 update(s). cV=3bCm8HOJXgprsjKuPR81jp.0;server=akswtt002000003;cloudType=Consumer;environment=Prod_germanywestcentral_prod-s01-011-eur-germanywestcentral;migrationStage=NotStarted}
{"logTime": "0217/012339", "correlationVector":"WtDASPe+PSQge+ZC4PuzQs","action":"Initial GetUpdates", "result":"", "context":Reason: NEWLY_SUPPORTED_DATATYPE. cV=WtDASPe+PSQge+ZC4PuzQs}
{"logTime": "0217/012340", "correlationVector":"WtDASPe+PSQge+ZC4PuzQs.1","action":"SyncServerConnectionManagerRequest", "result":"SYNC_SERVER_OK", "context":{"environment":"Prod_germanywestcentral_prod-s01-011-eur-germanywestcentral", "migrationStage":"NotStarted", "server":"akswtt00200000d"}}
{"logTime": "0217/012340", "correlationVector":"WtDASPe+PSQge+ZC4PuzQs.2","action":"ProcessGetUpdates", "result":"Done", "context":{"dataType":"Bookmarks", "deleted":"0", "process_failed_to_decrypt":"0", "process_pending_decryption":"0", "process_success":"13", "total":"13"}}
{"logTime": "0217/012340", "correlationVector":"WtDASPe+PSQge+ZC4PuzQs.3","action":"GetUpdates Response", "result":"Success", "context":Received 13 update(s). cV=WtDASPe+PSQge+ZC4PuzQs.0;server=akswtt00200000d;cloudType=Consumer;environment=Prod_germanywestcentral_prod-s01-011-eur-germanywestcentral;migrationStage=NotStarted}
{"logTime": "0217/012340", "correlationVector":"lZ3R7EOSMuHwjehjbLj23z","action":"Initial GetUpdates", "result":"", "context":Reason: NEWLY_SUPPORTED_DATATYPE. cV=lZ3R7EOSMuHwjehjbLj23z}
{"logTime": "0217/012340", "correlationVector":"lZ3R7EOSMuHwjehjbLj23z.1","action":"SyncServerConnectionManagerRequest", "result":"SYNC_SERVER_OK", "context":{"environment":"Prod_germanywestcentral_prod-s01-011-eur-germanywestcentral", "migrationStage":"NotStarted", "server":"akswtt002000003"}}
{"logTime": "0217/012340", "correlationVector":"lZ3R7EOSMuHwjehjbLj23z.2","action":"ProcessGetUpdates", "result":"Done", "context":{"dataType":"Autofill Profiles", "deleted":"4", "process_failed_to_decrypt":"0", "process_pending_decryption":"0", "process_success":"8", "total":"8"}}
{"logTime": "0217/012340", "correlationVector":"lZ3R7EOSMuHwjehjbLj23z.3","action":"ProcessGetUpdates", "result":"Done", "context":{"dataType":"Autofill", "deleted":"0", "process_failed_to_decrypt":"0", "process_pending_decryption":"0", "process_success":"85", "total":"85"}}
{"logTime": "0217/012340", "correlationVector":"lZ3R7EOSMuHwjehjbLj23z.4","action":"ProcessGetUpdates", "result":"Done", "context":{"dataType":"Sessions", "deleted":"102", "process_failed_to_decrypt":"0", "process_pending_decryption":"0", "process_success":"109", "total":"109"}}
{"logTime": "0217/012340", "correlationVector":"lZ3R7EOSMuHwjehjbLj23z.5","action":"ProcessGetUpdates", "result":"Done", "context":{"dataType":"Web Apps", "deleted":"0", "process_failed_to_decrypt":"0", "process_pending_decryption":"0", "process_success":"3", "total":"3"}}
{"logTime": "0217/012340", "correlationVector":"lZ3R7EOSMuHwjehjbLj23z.6","action":"ProcessGetUpdates", "result":"Done", "context":{"dataType":"Edge Hub App Usage", "deleted":"2", "process_failed_to_decrypt":"0", "process_pending_decryption":"0", "process_success":"7", "total":"7"}}
{"logTime": "0217/012340", "correlationVector":"lZ3R7EOSMuHwjehjbLj23z.7","action":"GetUpdates Response", "result":"Success", "context":Received 212 update(s). cV=lZ3R7EOSMuHwjehjbLj23z.0;server=akswtt002000003;cloudType=Consumer;environment=Prod_germanywestcentral_prod-s01-011-eur-germanywestcentral;migrationStage=NotStarted}
{"logTime": "0217/012340", "correlationVector":"QX9+hfECkkVUc5TCtZDnMC","action":"Initial GetUpdates", "result":"", "context":Reason: NEWLY_SUPPORTED_DATATYPE. cV=QX9+hfECkkVUc5TCtZDnMC}
{"logTime": "0217/012340", "correlationVector":"QX9+hfECkkVUc5TCtZDnMC.1","action":"SyncServerConnectionManagerRequest", "result":"SYNC_SERVER_OK", "context":{"environment":"Prod_germanywestcentral_prod-s01-011-eur-germanywestcentral", "migrationStage":"NotStarted", "server":"akswtt00200000e"}}
{"logTime": "0217/012340", "correlationVector":"QX9+hfECkkVUc5TCtZDnMC.2","action":"ProcessGetUpdates", "result":"Done", "context":{"dataType":"History", "deleted":"0", "process_failed_to_decrypt":"0", "process_pending_decryption":"0", "process_success":"250", "total":"250"}}
{"logTime": "0217/012340", "correlationVector":"QX9+hfECkkVUc5TCtZDnMC.3","action":"GetUpdates Response", "result":"Success", "context":Received 250 update(s). cV=QX9+hfECkkVUc5TCtZDnMC.0;server=akswtt00200000e;cloudType=Consumer;environment=Prod_germanywestcentral_prod-s01-011-eur-germanywestcentral;migrationStage=NotStarted Some updates remain.}
{"logTime": "0217/012340", "correlationVector":"F+REKCjw78pjylZYYZ2RHe","action":"Initial GetUpdates", "result":"", "context":Reason: NEWLY_SUPPORTED_DATATYPE. cV=F+REKCjw78pjylZYYZ2RHe}
{"logTime": "0217/012341", "correlationVector":"F+REKCjw78pjylZYYZ2RHe.1","action":"SyncServerConnectionManagerRequest", "result":"SYNC_SERVER_OK", "context":{"environment":"Prod_germanywestcentral_prod-s01-011-eur-germanywestcentral", "migrationStage":"NotStarted", "server":"akswtt00200000d"}}
{"logTime": "0217/012341", "correlationVector":"F+REKCjw78pjylZYYZ2RHe.2","action":"ProcessGetUpdates", "result":"Done", "context":{"dataType":"History", "deleted":"0", "process_failed_to_decrypt":"0", "process_pending_decryption":"0", "process_success":"186", "total":"186"}}
{"logTime": "0217/012341", "correlationVector":"F+REKCjw78pjylZYYZ2RHe.3","action":"GetUpdates Response", "result":"Success", "context":Received 186 update(s). cV=F+REKCjw78pjylZYYZ2RHe.0;server=akswtt00200000d;cloudType=Consumer;environment=Prod_germanywestcentral_prod-s01-011-eur-germanywestcentral;migrationStage=NotStarted}
{"logTime": "0217/012341", "correlationVector":"Hknr/+IsncL/skSwLRQIz+","action":"Normal GetUpdate request", "result":"", "context":cV=Hknr/+IsncL/skSwLRQIz+
Nudged types: Sessions, Device Info, User Consents
Refresh requested types: Bookmarks, Preferences, Passwords, Autofill Profiles, Autofill, Extensions, Sessions, Extension settings, History Delete Directives, Device Info, User Consents, Send Tab To Self, Web Apps, History, Saved Tab Group, WebAuthn Credentials, Collection, Edge E Drop, Edge Hub App Usage, Edge Wallet, Edge Workspace, Encryption Keys}
{"logTime": "0217/012341", "correlationVector":"Hknr/+IsncL/skSwLRQIz+.1","action":"SyncServerConnectionManagerRequest", "result":"SYNC_SERVER_OK", "context":{"environment":"Prod_germanywestcentral_prod-s01-011-eur-germanywestcentral", "migrationStage":"NotStarted", "server":"akswtt00200000e"}}
{"logTime": "0217/012341", "correlationVector":"Hknr/+IsncL/skSwLRQIz+.2","action":"GetUpdates Response", "result":"Success", "context":Received 0 update(s). cV=Hknr/+IsncL/skSwLRQIz+.0;server=akswtt00200000e;cloudType=Consumer;environment=Prod_germanywestcentral_prod-s01-011-eur-germanywestcentral;migrationStage=NotStarted}
{"logTime": "0217/012341", "correlationVector":"9UZDtdprIbRsz6Wc5nriVw","action":"DoCompareDataConsistency requsted types: ", "result":"Bookmarks, Preferences, Passwords, Extensions, Extension settings, History Delete Directives, Send Tab To Self, Web Apps, History, Saved Tab Group, WebAuthn Credentials, Collection, Edge E Drop, Edge Wallet, Edge Workspace, Encryption Keys"}
{"logTime": "0217/012341", "correlationVector":"9UZDtdprIbRsz6Wc5nriVw.0","action":"CompareDataConsistency result: ", "result":"Compare result: Encryption Keys is consistent. local entities count is: 1 local entities hash is: gJbwCT54dUFWYS7Fz9z4Agru2OY="}
{"logTime": "0217/012341", "correlationVector":"9UZDtdprIbRsz6Wc5nriVw.1","action":"CompareDataConsistency result: ", "result":"Compare result: Bookmarks is consistent. local entities count is: 7 local entities hash is: /XSO3Mr/ikaPST1tf2yDw6VBSBw="}
{"logTime": "0217/012341", "correlationVector":"9UZDtdprIbRsz6Wc5nriVw.2","action":"CompareDataConsistency result: ", "result":"Compare result: Preferences is consistent. local entities count is: 73 local entities hash is: 3JQThekq18/AOb5dR9LQCS1Pg28="}
{"logTime": "0217/012341", "correlationVector":"9UZDtdprIbRsz6Wc5nriVw.3","action":"CompareDataConsistency result: ", "result":"Compare result: Extensions is consistent. local entities count is: 0 local entities hash is: "}
{"logTime": "0217/012341", "correlationVector":"9UZDtdprIbRsz6Wc5nriVw.4","action":"CompareDataConsistency result: ", "result":"Compare result: Extension settings is consistent. local entities count is: 0 local entities hash is: "}
{"logTime": "0217/012341", "correlationVector":"9UZDtdprIbRsz6Wc5nriVw.5","action":"CompareDataConsistency result: ", "result":"Compare result: History Delete Directives is consistent. local entities count is: 0 local entities hash is: "}
{"logTime": "0217/012341", "correlationVector":"9UZDtdprIbRsz6Wc5nriVw.6","action":"CompareDataConsistency result: ", "result":"Server did not send this Send Tab To Self local entities count is: 0 local entities hash is: "}
{"logTime": "0217/012341", "correlationVector":"9UZDtdprIbRsz6Wc5nriVw.7","action":"CompareDataConsistency result: ", "result":"Compare result: Web Apps is inconsistent. server entities count is: 3 server entities hash is: /oCqeO1uQC4/QjTGNDZjuTdEw+E= local entities count is: 2 local entities hash is: xOmfCQvbJCFqSuNEac+q9JL0ty4="}
{"logTime": "0217/012341", "correlationVector":"9UZDtdprIbRsz6Wc5nriVw.8","action":"CompareDataConsistency result: ", "result":"Server did not send this History local entities count is: 0 local entities hash is: "}
{"logTime": "0217/012341", "correlationVector":"9UZDtdprIbRsz6Wc5nriVw.9","action":"CompareDataConsistency result: ", "result":"Compare result: Saved Tab Group is consistent. local entities count is: 0 local entities hash is: "}
{"logTime": "0217/012341", "correlationVector":"9UZDtdprIbRsz6Wc5nriVw.10","action":"CompareDataConsistency result: ", "result":"Server did not send this WebAuthn Credentials local entities count is: 0 local entities hash is: "}
{"logTime": "0217/012341", "correlationVector":"9UZDtdprIbRsz6Wc5nriVw.11","action":"CompareDataConsistency result: ", "result":"Compare result: Collection is consistent. local entities count is: 0 local entities hash is: "}
{"logTime": "0217/012341", "correlationVector":"9UZDtdprIbRsz6Wc5nriVw.12","action":"CompareDataConsistency result: ", "result":"Compare result: Edge E Drop is consistent. local entities count is: 0 local entities hash is: "}
{"logTime": "0217/012341", "correlationVector":"9UZDtdprIbRsz6Wc5nriVw.13","action":"CompareDataConsistency result: ", "result":"Compare result: Edge Wallet is consistent. local entities count is: 0 local entities hash is: "}
{"logTime": "0217/012341", "correlationVector":"9UZDtdprIbRsz6Wc5nriVw.14","action":"CompareDataConsistency result: ", "result":"Server did not send this Edge Workspace local entities count is: 0 local entities hash is: "}
{"logTime": "0217/012341", "correlationVector":"9UZDtdprIbRsz6Wc5nriVw.15","action":"CompareDataConsistency result: ", "result":"Compare result: Passwords is consistent. local entities count is: 88 local entities hash is: bsap1j4k5zdWBYExZZ08Tfozzz0="}
{"logTime": "0217/012341", "correlationVector":"uAZ9UD8OeEIPoAhzDv6hMD","action":"Commit Request", "result":"", "context":Item count: 5
Contributing types: Sessions, Device Info, User Consents}
{"logTime": "0217/012342", "correlationVector":"uAZ9UD8OeEIPoAhzDv6hMD.1","action":"SyncServerConnectionManagerRequest", "result":"SYNC_SERVER_OK", "context":{"environment":"Prod_germanywestcentral_prod-s01-011-eur-germanywestcentral", "migrationStage":"NotStarted", "server":"akswtt00200000e"}}
{"logTime": "0217/012342", "correlationVector":"uAZ9UD8OeEIPoAhzDv6hMD.2","action":"Commit Response", "result":"Success", "context":Result: Success. cV=uAZ9UD8OeEIPoAhzDv6hMD.0;server=akswtt00200000e;cloudType=Consumer;environment=Prod_germanywestcentral_prod-s01-011-eur-germanywestcentral;migrationStage=NotStarted}
{"logTime": "0217/012342", "correlationVector":"","action":"DIAGNOSTIC_REQUEST|v1/diagnosticData/Diagnostic.SendCheckResult()|SUCCESS", "result":""}
{"logTime": "0217/012403", "correlationVector":"SdqokYX33E0aeCqGvQvxiM","action":"Commit Request", "result":"", "context":Item count: 40
Contributing types: Passwords}
{"logTime": "0217/012405", "correlationVector":"SdqokYX33E0aeCqGvQvxiM.1","action":"SyncServerConnectionManagerRequest", "result":"SYNC_SERVER_OK", "context":{"environment":"Prod_germanywestcentral_prod-s01-011-eur-germanywestcentral", "migrationStage":"NotStarted", "server":"akswtt002000003"}}
{"logTime": "0217/012405", "correlationVector":"SdqokYX33E0aeCqGvQvxiM.2","action":"Commit Response", "result":"Success", "context":Result: Success. cV=SdqokYX33E0aeCqGvQvxiM.0;server=akswtt002000003;cloudType=Consumer;environment=Prod_germanywestcentral_prod-s01-011-eur-germanywestcentral;migrationStage=NotStarted}
{"logTime": "0217/012405", "correlationVector":"n2fQPMV9Qvo+azvfDFAgHG","action":"Commit Request", "result":"", "context":Item count: 38
Contributing types: Preferences, Passwords, Sessions, History}
{"logTime": "0217/012407", "correlationVector":"n2fQPMV9Qvo+azvfDFAgHG.1","action":"SyncServerConnectionManagerRequest", "result":"SYNC_SERVER_OK", "context":{"environment":"Prod_germanywestcentral_prod-s01-011-eur-germanywestcentral", "migrationStage":"NotStarted", "server":"akswtt00200000d"}}
{"logTime": "0217/012407", "correlationVector":"n2fQPMV9Qvo+azvfDFAgHG.2","action":"Commit Response", "result":"Success", "context":Result: Success. cV=n2fQPMV9Qvo+azvfDFAgHG.0;server=akswtt00200000d;cloudType=Consumer;environment=Prod_germanywestcentral_prod-s01-011-eur-germanywestcentral;migrationStage=NotStarted}
{"logTime": "0217/012433", "correlationVector":"CEmMdf29BwfoGXso3zQJMy","action":"Commit Request", "result":"", "context":Item count: 40
Contributing types: Passwords}
{"logTime": "0217/012435", "correlationVector":"CEmMdf29BwfoGXso3zQJMy.1","action":"SyncServerConnectionManagerRequest", "result":"SYNC_SERVER_OK", "context":{"environment":"Prod_germanywestcentral_prod-s01-010-eur-germanywestcentral", "migrationStage":"NotStarted", "server":"akswtt110000010"}}
{"logTime": "0217/012435", "correlationVector":"CEmMdf29BwfoGXso3zQJMy.2","action":"Commit Response", "result":"Success", "context":Result: Success. cV=CEmMdf29BwfoGXso3zQJMy.0;server=akswtt110000010;cloudType=Consumer;environment=Prod_germanywestcentral_prod-s01-010-eur-germanywestcentral;migrationStage=NotStarted}
{"logTime": "0217/012435", "correlationVector":"KEyfFiNQ8mvyYJpTDagHgB","action":"Commit Request", "result":"", "context":Item count: 19
Contributing types: Passwords, Sessions, History}
{"logTime": "0217/012436", "correlationVector":"KEyfFiNQ8mvyYJpTDagHgB.1","action":"SyncServerConnectionManagerRequest", "result":"SYNC_SERVER_OK", "context":{"environment":"Prod_germanywestcentral_prod-s01-010-eur-germanywestcentral", "migrationStage":"NotStarted", "server":"akswtt110000010"}}
{"logTime": "0217/012436", "correlationVector":"KEyfFiNQ8mvyYJpTDagHgB.2","action":"Commit Response", "result":"Success", "context":Result: Success. cV=KEyfFiNQ8mvyYJpTDagHgB.0;server=akswtt110000010;cloudType=Consumer;environment=Prod_germanywestcentral_prod-s01-010-eur-germanywestcentral;migrationStage=NotStarted}
